// Jest Snapshot v1, https://goo.gl/fbAQLP

exports[`testing GifItem.jsx should match with snapshot 1`] = `
<div>
  <a
    class="card"
    href="https://www.one-punch.com/saitama.jpg"
  >
    <img
      alt="Saitama"
      src="https://www.one-punch.com/saitama.jpg"
    />
    <p>
      Saitama
    </p>
  </a>
</div>
`;
